src/App.tsx(3,29): error TS2307: Cannot find module './components/SplitLayout' or its corresponding type declarations.
src/components/__tests__/SplitLayout.test.tsx(4,29): error TS2307: Cannot find module '../SplitLayout' or its corresponding type declarations.
src/components/Curiosity/LanguageMindMap.tsx(9,32): error TS2307: Cannot find module '@/hooks/useGitHubStats' or its corresponding type declarations.
src/components/Curiosity/LanguageMindMap.tsx(193,57): error TS7006: Parameter 'lang' implicitly has an 'any' type.
src/components/Curiosity/LanguageMindMap.tsx(193,63): error TS7006: Parameter 'i' implicitly has an 'any' type.
src/components/CuriosityView.tsx(10,28): error TS1261: Already included file name 'C:/Users/Admin/Desktop/AlvaGonz.github.io-develop/src/components/Formal/DailyVerse.tsx' differs from file name 'C:/Users/Admin/Desktop/AlvaGonz.github.io-develop/src/components/formal/DailyVerse.tsx' only in casing.
  The file is in the program because:
    Imported via './Formal/DailyVerse' from file 'C:/Users/Admin/Desktop/AlvaGonz.github.io-develop/src/components/CuriosityView.tsx'
    Imported via './Formal/DailyVerse' from file 'C:/Users/Admin/Desktop/AlvaGonz.github.io-develop/src/components/FormalView.tsx'
    Matched by include pattern 'src' in 'C:/Users/Admin/Desktop/AlvaGonz.github.io-develop/tsconfig.json'
src/components/CuriosityView.tsx(16,36): error TS2307: Cannot find module './Curiosity/DuolingoFireWidget' or its corresponding type declarations.
src/components/FormalView.tsx(1,29): error TS2307: Cannot find module './ProjectCard' or its corresponding type declarations.
src/components/FormalView.tsx(5,28): error TS2307: Cannot find module './SkillPills' or its corresponding type declarations.
src/components/FormalView.tsx(6,36): error TS2307: Cannot find module './ExperienceTimeline' or its corresponding type declarations.
src/components/FormalView.tsx(7,34): error TS2307: Cannot find module './EducationSection' or its corresponding type declarations.
src/components/FormalView.tsx(8,39): error TS2307: Cannot find module './CertificationsSection' or its corresponding type declarations.
src/components/FormalView.tsx(9,38): error TS2307: Cannot find module './OrganizationsSection' or its corresponding type declarations.
src/components/FormalView.tsx(10,25): error TS2307: Cannot find module './Contact' or its corresponding type declarations.
src/components/FormalView.tsx(12,32): error TS2307: Cannot find module './Formal/GithubActivity' or its corresponding type declarations.
src/components/FormalView.tsx(14,30): error TS2307: Cannot find module './GitHub/TopLanguages' or its corresponding type declarations.
src/components/FormalView.tsx(15,32): error TS2307: Cannot find module './Formal/DuolingoWidget' or its corresponding type declarations.
src/components/layout/SplitLayout.tsx(5,24): error TS2307: Cannot find module './layout/Navbar' or its corresponding type declarations.
src/components/layout/SplitLayout.tsx(6,35): error TS2307: Cannot find module './Curiosity/SpotifyNowPlaying' or its corresponding type declarations.
src/components/sections/CertificationsSection.tsx(2,32): error TS2307: Cannot find module '../content/education' or its corresponding type declarations.
src/components/sections/CertificationsSection.tsx(33,28): error TS7006: Parameter 'cert' implicitly has an 'any' type.
src/components/sections/CertificationsSection.tsx(33,34): error TS7006: Parameter 'index' implicitly has an 'any' type.
src/components/sections/CertificationsSection.tsx(70,47): error TS7006: Parameter 'skill' implicitly has an 'any' type.
src/components/sections/Contact.tsx(1,30): error TS2307: Cannot find module '../content/types' or its corresponding type declarations.
src/components/sections/EducationSection.tsx(2,27): error TS2307: Cannot find module '../content/education' or its corresponding type declarations.
src/components/sections/EducationSection.tsx(10,27): error TS7006: Parameter 'item' implicitly has an 'any' type.
src/components/sections/EducationSection.tsx(10,33): error TS7006: Parameter 'index' implicitly has an 'any' type.
src/components/sections/EducationSection.tsx(34,39): error TS7006: Parameter 'skill' implicitly has an 'any' type.
src/components/sections/ExperienceTimeline.tsx(1,28): error TS2307: Cannot find module '../content/experience' or its corresponding type declarations.
src/components/sections/ExperienceTimeline.tsx(2,32): error TS2307: Cannot find module './animations/FadeInOnScroll' or its corresponding type declarations.
src/components/sections/ExperienceTimeline.tsx(7,24): error TS7006: Parameter 'item' implicitly has an 'any' type.
src/components/sections/ExperienceTimeline.tsx(7,30): error TS7006: Parameter 'index' implicitly has an 'any' type.
src/components/sections/ExperienceTimeline.tsx(28,38): error TS7006: Parameter 'point' implicitly has an 'any' type.
src/components/sections/ExperienceTimeline.tsx(28,45): error TS7006: Parameter 'i' implicitly has an 'any' type.
src/components/sections/ExperienceTimeline.tsx(42,33): error TS7006: Parameter 'skill' implicitly has an 'any' type.
src/components/sections/OrganizationsSection.tsx(2,31): error TS2307: Cannot find module '../content/education' or its corresponding type declarations.
src/components/sections/OrganizationsSection.tsx(9,27): error TS7006: Parameter 'org' implicitly has an 'any' type.
src/components/ui/ProjectCard.tsx(1,34): error TS2307: Cannot find module '../lib/github-client' or its corresponding type declarations.
src/components/ui/ProjectCard.tsx(51,42): error TS7006: Parameter 'topic' implicitly has an 'any' type.
src/components/ui/ProjectModal.tsx(2,34): error TS2307: Cannot find module '../lib/github-client' or its corresponding type declarations.
src/components/ui/ProjectModal.tsx(79,44): error TS7006: Parameter 'topic' implicitly has an 'any' type.
src/components/ui/SkillPills.tsx(1,28): error TS2307: Cannot find module '../content/types' or its corresponding type declarations.
src/components/ui/SkillPills.tsx(4,32): error TS2307: Cannot find module './animations/FadeInOnScroll' or its corresponding type declarations.
src/components/ui/SkillPills.tsx(51,45): error TS7006: Parameter 'skill' implicitly has an 'any' type.
src/features/duolingo/components/DuolingoFireWidget.tsx(3,34): error TS2307: Cannot find module '@/hooks/useDuolingoStats' or its corresponding type declarations.
src/features/duolingo/components/DuolingoFireWidget.tsx(225,51): error TS7006: Parameter 'course' implicitly has an 'any' type.
src/features/duolingo/components/DuolingoFireWidget.tsx(225,59): error TS7006: Parameter 'idx' implicitly has an 'any' type.
src/features/duolingo/hooks/useDuolingoStats.ts(2,26): error TS2307: Cannot find module '../data/generated/duolingo.json' or its corresponding type declarations.
src/features/github/components/GithubActivity.tsx(1,26): error TS2307: Cannot find module '../../hooks/useFetch' or its corresponding type declarations.
src/features/github/components/GithubActivity.tsx(2,51): error TS2307: Cannot find module '../../services/github' or its corresponding type declarations.
src/features/github/components/GithubActivity.tsx(11,15): error TS7006: Parameter 'e' implicitly has an 'any' type.
src/features/github/components/GithubActivity.tsx(23,26): error TS7006: Parameter 'event' implicitly has an 'any' type.
src/features/github/components/GithubRepos.tsx(1,26): error TS2307: Cannot find module '../../hooks/useFetch' or its corresponding type declarations.
src/features/github/components/GithubRepos.tsx(2,47): error TS2307: Cannot find module '../../services/github' or its corresponding type declarations.
src/features/github/components/GithubRepos.tsx(22,22): error TS7006: Parameter 'repo' implicitly has an 'any' type.
src/features/github/components/TopLanguages.tsx(1,32): error TS2307: Cannot find module '@/hooks/useGitHubStats' or its corresponding type declarations.
src/features/github/components/TopLanguages.tsx(33,48): error TS7006: Parameter 'acc' implicitly has an 'any' type.
src/features/github/components/TopLanguages.tsx(33,53): error TS7006: Parameter 'lang' implicitly has an 'any' type.
src/features/github/components/TopLanguages.tsx(38,22): error TS7006: Parameter 'lang' implicitly has an 'any' type.
src/features/github/components/TopLanguages.tsx(38,28): error TS7006: Parameter 'index' implicitly has an 'any' type.
src/features/randomuser/components/RandomUserGreeting.tsx(1,31): error TS2307: Cannot find module '@/hooks/useRandomUser' or its corresponding type declarations.
